
    HEAD

    APPENDED HEAD



    REPLACED BODY

    APPENDED BODY



    PREPENDED FOOT

    FOOT
